### 手動編集すると動作に支障が出る恐れがあります。 ###
Ver 2.33
102,T,目盛り
101,T,区切り線
000,T,作者名,Jack_Sonic( 吉野 智紀)
001,T,ソフト名,ScreenTools
002,T,バージョン,Ver 1.0
003,T,作成日,2006/12/27
004,F,登録名,
005,T,種別,シェアウェア
006,T,ｼｪｱｳｪｱ代金,1155円
007,F,試用期間,
008,F,開発言語,
009,T,必要ﾗﾝﾀｲﾑ,
010,F,DirectX,
011,T,対応機種,Windows
012,T,著作権者,吉野智紀
013,T,再配布,要連絡
014,T,転載,要連絡
015,T,ホームページ,http://f29.aaa.livedoor.jp/~morg/wiki/
016,T,連絡先,jack_sonic33@yahoo.co.jp
017,F,未定義項目1,
018,F,未定義項目2,
101,T,区切り線
030,T,はじめに,●ダウンロードしていただき、ありがとうございます。\n　このReadMeファイルには重要な情報も記載してありますので、\n　本ソフトを起動する前に、このReadMeを一読してください。\n
031,T,ﾌｧｲﾙ構成,
032,F,送金方法,
033,F,特徴,
034,F,開発環境,
035,T,動作環境,Windows95/98/ME/2000/XPOS  : Microsoft Windows 98/98SE/ME/NT4/2000/XP/2003\nCPU : Pentium MMX 以上\nMem : 32MB以上 (64MB以上推奨)\n
036,T,ｲﾝｽﾄｰﾙ,●ソフトウェアをダウンロードしてください。\n●ダウンロードしたファイルを解凍ソフトを使用して解凍します。\n●解凍されて出てきたフォルダを適当な位置に移動してください。\n●以上で完了です。\n
037,T,ｱﾝｲﾝｽﾄｰﾙ,●解凍したフォルダをフォルダごと削除してください。\n　レジストリなどのゴミは残りません。\n
038,T,使い方,「ScreenPrint」は、\n「PrintScreenキー」が押されるのを監視し、\n押されたときに、デフォルトのプリンタに画面を出力する\nソフトです。\n\nダブルクリックして起動すると、タスクトレイに常駐します。\n\n画面右下のタスクトレイにあるアイコンを右クリックして\n「終了」を選ぶと、終了します。\n
039,T,著作権,
040,T,再配布,
041,T,免責,●作者は本ソフトウェアの動作保証を致しません。\n●作者は本ソフトウェアを使用に関して直接、または間接に生るた障害、\n　損害について一切の責任を負いません。\n●作者は本ソフトウェアの修正、及びバージョンアップの義務を負いません。\n
042,F,謝辞,
043,T,開発履歴,
044,F,未定義項目3,
045,F,未定義項目4,
101,T,区切り線
100,T,れ～どめ～えじた～
101,F,区切り線
101,F,区切り線
101,F,区切り線
101,F,区切り線
101,F,区切り線
101,F,区切り線
101,F,区切り線
101,F,区切り線
101,F,区切り線
101,F,区切り線
102,F,目盛り
200,*
201,79
202,【
203,】　
204,【
205,】
220,color:#000000;background-color:#FFFFFF;font-size:12px;
221,color:#0000FF;text-decoration:none;
222,color:#0000FF;text-decoration:none;
223,color:#0000FF;text-decoration:none;
224,color:#FF0000;text-decoration:underline;
225,width:100%;
226,color:#FF0000;font-weight:normal;font-family:ＭＳ ゴシック;
227,0
228,
